---
source: macro/src/lib.rs
assertion_line: 609
expression: "rustfmt_code(&gen_bridge(parse_quote! {\n                            mod ffi\n                            {\n                                struct Foo {} impl Foo\n                                { pub fn from_slice(s: &[f64]) { unimplemented!() } }\n                            }\n                        }).to_token_stream().to_string())"
---
mod ffi {
    #[repr(C)]
    #[derive(Clone, Copy)]
    struct Foo {}
    impl Foo {
        pub fn from_slice(s: &[f64]) {
            unimplemented!()
        }
    }
    use core::ffi::c_void;
    use diplomat_runtime::*;
    #[no_mangle]
    extern "C" fn Foo_from_slice(s: diplomat_runtime::DiplomatSlice<f64>) {
        let s = s.into();
        Foo::from_slice(s)
    }
}
